Archive member included because of file (symbol)

c:/program files_develop/ac6/systemworkbench/plugins/fr.ac6.mcu.externaltools.arm-none.win32_1.2.0.201505291716/tools/compiler/bin/../lib/gcc/arm-none-eabi/4.9.3/../../../../arm-none-eabi/lib/armv7e-m/fpu\libc.a(lib_a-errno.o)
                              src/syscalls.o (__errno)
c:/program files_develop/ac6/systemworkbench/plugins/fr.ac6.mcu.externaltools.arm-none.win32_1.2.0.201505291716/tools/compiler/bin/../lib/gcc/arm-none-eabi/4.9.3/../../../../arm-none-eabi/lib/armv7e-m/fpu\libc.a(lib_a-exit.o)
                              c:/program files_develop/ac6/systemworkbench/plugins/fr.ac6.mcu.externaltools.arm-none.win32_1.2.0.201505291716/tools/compiler/bin/../lib/gcc/arm-none-eabi/4.9.3/../../../../arm-none-eabi/lib/armv7e-m/fpu/crt0.o (exit)
c:/program files_develop/ac6/systemworkbench/plugins/fr.ac6.mcu.externaltools.arm-none.win32_1.2.0.201505291716/tools/compiler/bin/../lib/gcc/arm-none-eabi/4.9.3/../../../../arm-none-eabi/lib/armv7e-m/fpu\libc.a(lib_a-impure.o)
                              c:/program files_develop/ac6/systemworkbench/plugins/fr.ac6.mcu.externaltools.arm-none.win32_1.2.0.201505291716/tools/compiler/bin/../lib/gcc/arm-none-eabi/4.9.3/../../../../arm-none-eabi/lib/armv7e-m/fpu\libc.a(lib_a-exit.o) (_global_impure_ptr)
c:/program files_develop/ac6/systemworkbench/plugins/fr.ac6.mcu.externaltools.arm-none.win32_1.2.0.201505291716/tools/compiler/bin/../lib/gcc/arm-none-eabi/4.9.3/../../../../arm-none-eabi/lib/armv7e-m/fpu\libc.a(lib_a-init.o)
                              c:/program files_develop/ac6/systemworkbench/plugins/fr.ac6.mcu.externaltools.arm-none.win32_1.2.0.201505291716/tools/compiler/bin/../lib/gcc/arm-none-eabi/4.9.3/../../../../arm-none-eabi/lib/armv7e-m/fpu/crt0.o (__libc_init_array)
c:/program files_develop/ac6/systemworkbench/plugins/fr.ac6.mcu.externaltools.arm-none.win32_1.2.0.201505291716/tools/compiler/bin/../lib/gcc/arm-none-eabi/4.9.3/../../../../arm-none-eabi/lib/armv7e-m/fpu\libc.a(lib_a-memset.o)
                              c:/program files_develop/ac6/systemworkbench/plugins/fr.ac6.mcu.externaltools.arm-none.win32_1.2.0.201505291716/tools/compiler/bin/../lib/gcc/arm-none-eabi/4.9.3/../../../../arm-none-eabi/lib/armv7e-m/fpu/crt0.o (memset)
c:/program files_develop/ac6/systemworkbench/plugins/fr.ac6.mcu.externaltools.arm-none.win32_1.2.0.201505291716/tools/compiler/bin/../lib/gcc/arm-none-eabi/4.9.3/../../../../arm-none-eabi/lib/armv7e-m/fpu\libc.a(lib_a-__call_atexit.o)
                              c:/program files_develop/ac6/systemworkbench/plugins/fr.ac6.mcu.externaltools.arm-none.win32_1.2.0.201505291716/tools/compiler/bin/../lib/gcc/arm-none-eabi/4.9.3/../../../../arm-none-eabi/lib/armv7e-m/fpu\libc.a(lib_a-exit.o) (__call_exitprocs)
c:/program files_develop/ac6/systemworkbench/plugins/fr.ac6.mcu.externaltools.arm-none.win32_1.2.0.201505291716/tools/compiler/bin/../lib/gcc/arm-none-eabi/4.9.3/../../../../arm-none-eabi/lib/armv7e-m/fpu\libc.a(lib_a-atexit.o)
                              c:/program files_develop/ac6/systemworkbench/plugins/fr.ac6.mcu.externaltools.arm-none.win32_1.2.0.201505291716/tools/compiler/bin/../lib/gcc/arm-none-eabi/4.9.3/../../../../arm-none-eabi/lib/armv7e-m/fpu\libc.a(lib_a-__call_atexit.o) (atexit)
c:/program files_develop/ac6/systemworkbench/plugins/fr.ac6.mcu.externaltools.arm-none.win32_1.2.0.201505291716/tools/compiler/bin/../lib/gcc/arm-none-eabi/4.9.3/../../../../arm-none-eabi/lib/armv7e-m/fpu\libc.a(lib_a-fini.o)
                              c:/program files_develop/ac6/systemworkbench/plugins/fr.ac6.mcu.externaltools.arm-none.win32_1.2.0.201505291716/tools/compiler/bin/../lib/gcc/arm-none-eabi/4.9.3/../../../../arm-none-eabi/lib/armv7e-m/fpu\libc.a(lib_a-__call_atexit.o) (__libc_fini_array)
c:/program files_develop/ac6/systemworkbench/plugins/fr.ac6.mcu.externaltools.arm-none.win32_1.2.0.201505291716/tools/compiler/bin/../lib/gcc/arm-none-eabi/4.9.3/../../../../arm-none-eabi/lib/armv7e-m/fpu\libc.a(lib_a-__atexit.o)
                              c:/program files_develop/ac6/systemworkbench/plugins/fr.ac6.mcu.externaltools.arm-none.win32_1.2.0.201505291716/tools/compiler/bin/../lib/gcc/arm-none-eabi/4.9.3/../../../../arm-none-eabi/lib/armv7e-m/fpu\libc.a(lib_a-atexit.o) (__register_exitproc)

Allocating common symbols
Common symbol       size              file

pFlash              0x20              HAL_Driver/Src/stm32f4xx_hal_flash.o

Discarded input sections

 .text          0x00000000        0x0 c:/program files_develop/ac6/systemworkbench/plugins/fr.ac6.mcu.externaltools.arm-none.win32_1.2.0.201505291716/tools/compiler/bin/../lib/gcc/arm-none-eabi/4.9.3/armv7e-m/fpu/crti.o
 .data          0x00000000        0x0 c:/program files_develop/ac6/systemworkbench/plugins/fr.ac6.mcu.externaltools.arm-none.win32_1.2.0.201505291716/tools/compiler/bin/../lib/gcc/arm-none-eabi/4.9.3/armv7e-m/fpu/crti.o
[...]
Memory Configuration

Name             Origin             Length             Attributes
FLASH            0x08000000         0x00080000         xr
RAM              0x20000000         0x00020000         xrw
*default*        0x00000000         0xffffffff

Linker script and memory map

LOAD c:/program files_develop/ac6/systemworkbench/plugins/fr.ac6.mcu.externaltools.arm-none.win32_1.2.0.201505291716/tools/compiler/bin/../lib/gcc/arm-none-eabi/4.9.3/armv7e-m/fpu/crti.o
LOAD c:/program files_develop/ac6/systemworkbench/plugins/fr.ac6.mcu.externaltools.arm-none.win32_1.2.0.201505291716/tools/compiler/bin/../lib/gcc/arm-none-eabi/4.9.3/armv7e-m/fpu/crtbegin.o
LOAD c:/program files_develop/ac6/systemworkbench/plugins/fr.ac6.mcu.externaltools.arm-none.win32_1.2.0.201505291716/tools/compiler/bin/../lib/gcc/arm-none-eabi/4.9.3/../../../../arm-none-eabi/lib/armv7e-m/fpu/crt0.o
LOAD c:/program files_develop/ac6/systemworkbench/plugins/fr.ac6.mcu.externaltools.arm-none.win32_1.2.0.201505291716/tools/compiler/bin/../lib/gcc/arm-none-eabi/4.9.3/../../../../arm-none-eabi/lib/armv7e-m/fpu\libm.a
LOAD startup/startup_stm32f411xe.o
LOAD src/main.o
LOAD src/stm32f4xx_it.o
LOAD src/syscalls.o
LOAD src/system_stm32f4xx.o
LOAD Utilities/STM32F4xx-Nucleo/stm32f4xx_nucleo.o
LOAD HAL_Driver/Src/stm32f4xx_hal.o
LOAD HAL_Driver/Src/stm32f4xx_hal_adc.o
LOAD HAL_Driver/Src/stm32f4xx_hal_adc_ex.o
LOAD HAL_Driver/Src/stm32f4xx_hal_can.o
LOAD HAL_Driver/Src/stm32f4xx_hal_cec.o
LOAD HAL_Driver/Src/stm32f4xx_hal_cortex.o
LOAD HAL_Driver/Src/stm32f4xx_hal_crc.o
LOAD HAL_Driver/Src/stm32f4xx_hal_cryp.o
LOAD HAL_Driver/Src/stm32f4xx_hal_cryp_ex.o
LOAD HAL_Driver/Src/stm32f4xx_hal_dac.o
LOAD HAL_Driver/Src/stm32f4xx_hal_dac_ex.o
LOAD HAL_Driver/Src/stm32f4xx_hal_dcmi.o
LOAD HAL_Driver/Src/stm32f4xx_hal_dcmi_ex.o
LOAD HAL_Driver/Src/stm32f4xx_hal_dma.o
LOAD HAL_Driver/Src/stm32f4xx_hal_dma2d.o
LOAD HAL_Driver/Src/stm32f4xx_hal_dma_ex.o
LOAD HAL_Driver/Src/stm32f4xx_hal_eth.o
LOAD HAL_Driver/Src/stm32f4xx_hal_flash.o
LOAD HAL_Driver/Src/stm32f4xx_hal_flash_ex.o
LOAD HAL_Driver/Src/stm32f4xx_hal_flash_ramfunc.o
LOAD HAL_Driver/Src/stm32f4xx_hal_fmpi2c.o
LOAD HAL_Driver/Src/stm32f4xx_hal_fmpi2c_ex.o
LOAD HAL_Driver/Src/stm32f4xx_hal_gpio.o
LOAD HAL_Driver/Src/stm32f4xx_hal_hash.o
LOAD HAL_Driver/Src/stm32f4xx_hal_hash_ex.o
LOAD HAL_Driver/Src/stm32f4xx_hal_hcd.o
LOAD HAL_Driver/Src/stm32f4xx_hal_i2c.o
LOAD HAL_Driver/Src/stm32f4xx_hal_i2c_ex.o
LOAD HAL_Driver/Src/stm32f4xx_hal_i2s.o
LOAD HAL_Driver/Src/stm32f4xx_hal_i2s_ex.o
LOAD HAL_Driver/Src/stm32f4xx_hal_irda.o
LOAD HAL_Driver/Src/stm32f4xx_hal_iwdg.o
LOAD HAL_Driver/Src/stm32f4xx_hal_ltdc.o
LOAD HAL_Driver/Src/stm32f4xx_hal_msp_template.o
LOAD HAL_Driver/Src/stm32f4xx_hal_nand.o
LOAD HAL_Driver/Src/stm32f4xx_hal_nor.o
LOAD HAL_Driver/Src/stm32f4xx_hal_pccard.o
LOAD HAL_Driver/Src/stm32f4xx_hal_pcd.o
LOAD HAL_Driver/Src/stm32f4xx_hal_pcd_ex.o
LOAD HAL_Driver/Src/stm32f4xx_hal_pwr.o
LOAD HAL_Driver/Src/stm32f4xx_hal_pwr_ex.o
LOAD HAL_Driver/Src/stm32f4xx_hal_qspi.o
LOAD HAL_Driver/Src/stm32f4xx_hal_rcc.o
LOAD HAL_Driver/Src/stm32f4xx_hal_rcc_ex.o
LOAD HAL_Driver/Src/stm32f4xx_hal_rng.o
LOAD HAL_Driver/Src/stm32f4xx_hal_rtc.o
LOAD HAL_Driver/Src/stm32f4xx_hal_rtc_ex.o
LOAD HAL_Driver/Src/stm32f4xx_hal_sai.o
LOAD HAL_Driver/Src/stm32f4xx_hal_sai_ex.o
LOAD HAL_Driver/Src/stm32f4xx_hal_sd.o
LOAD HAL_Driver/Src/stm32f4xx_hal_sdram.o
LOAD HAL_Driver/Src/stm32f4xx_hal_smartcard.o
LOAD HAL_Driver/Src/stm32f4xx_hal_spdifrx.o
LOAD HAL_Driver/Src/stm32f4xx_hal_spi.o
LOAD HAL_Driver/Src/stm32f4xx_hal_sram.o
LOAD HAL_Driver/Src/stm32f4xx_hal_tim.o
LOAD HAL_Driver/Src/stm32f4xx_hal_tim_ex.o
LOAD HAL_Driver/Src/stm32f4xx_hal_uart.o
LOAD HAL_Driver/Src/stm32f4xx_hal_usart.o
LOAD HAL_Driver/Src/stm32f4xx_hal_wwdg.o
LOAD HAL_Driver/Src/stm32f4xx_ll_fmc.o
LOAD HAL_Driver/Src/stm32f4xx_ll_fsmc.o
LOAD HAL_Driver/Src/stm32f4xx_ll_sdmmc.o
LOAD HAL_Driver/Src/stm32f4xx_ll_usb.o
START GROUP
LOAD c:/program files_develop/ac6/systemworkbench/plugins/fr.ac6.mcu.externaltools.arm-none.win32_1.2.0.201505291716/tools/compiler/bin/../lib/gcc/arm-none-eabi/4.9.3/armv7e-m/fpu\libgcc.a
LOAD c:/program files_develop/ac6/systemworkbench/plugins/fr.ac6.mcu.externaltools.arm-none.win32_1.2.0.201505291716/tools/compiler/bin/../lib/gcc/arm-none-eabi/4.9.3/../../../../arm-none-eabi/lib/armv7e-m/fpu\libc.a
END GROUP
LOAD c:/program files_develop/ac6/systemworkbench/plugins/fr.ac6.mcu.externaltools.arm-none.win32_1.2.0.201505291716/tools/compiler/bin/../lib/gcc/arm-none-eabi/4.9.3/armv7e-m/fpu/crtend.o
LOAD c:/program files_develop/ac6/systemworkbench/plugins/fr.ac6.mcu.externaltools.arm-none.win32_1.2.0.201505291716/tools/compiler/bin/../lib/gcc/arm-none-eabi/4.9.3/armv7e-m/fpu/crtn.o
                0x2001ffff                _estack = 0x2001ffff
                0x00000200                _Min_Heap_Size = 0x200
                0x00000400                _Min_Stack_Size = 0x400

.isr_vector     0x08000000      0x198
                0x08000000                . = ALIGN (0x4)
 *(.isr_vector)
 .isr_vector    0x08000000      0x198 startup/startup_stm32f411xe.o
                0x08000000                g_pfnVectors
                0x08000198                . = ALIGN (0x4)

.text           0x08000198      0x2c0
                0x08000198                . = ALIGN (0x4)
 *(.text)
 .text          0x08000198       0x5c c:/program files_develop/ac6/systemworkbench/plugins/fr.ac6.mcu.externaltools.arm-none.win32_1.2.0.201505291716/tools/compiler/bin/../lib/gcc/arm-none-eabi/4.9.3/armv7e-m/fpu/crtbegin.o
 *(.text*)
 .text.Reset_Handler
                0x080001f4       0x50 startup/startup_stm32f411xe.o
                0x080001f4                Reset_Handler
 .text.Default_Handler
                0x08000244        0x2 startup/startup_stm32f411xe.o
                0x08000244                RTC_Alarm_IRQHandler
                0x08000244                EXTI2_IRQHandler
                0x08000244                DebugMon_Handler
                0x08000244                SPI4_IRQHandler
                0x08000244                TIM1_CC_IRQHandler
                0x08000244                DMA2_Stream5_IRQHandler
                0x08000244                HardFault_Handler
                0x08000244                DMA1_Stream5_IRQHandler
                0x08000244                PVD_IRQHandler
                0x08000244                SDIO_IRQHandler
                0x08000244                TAMP_STAMP_IRQHandler
                0x08000244                PendSV_Handler
                0x08000244                NMI_Handler
                0x08000244                EXTI3_IRQHandler
                0x08000244                TIM1_UP_TIM10_IRQHandler
                0x08000244                I2C3_ER_IRQHandler
                0x08000244                EXTI0_IRQHandler
                0x08000244                I2C2_EV_IRQHandler
                0x08000244                DMA1_Stream2_IRQHandler
                0x08000244                FPU_IRQHandler
                0x08000244                UsageFault_Handler
                0x08000244                DMA2_Stream2_IRQHandler
                0x08000244                SPI1_IRQHandler
                0x08000244                TIM1_BRK_TIM9_IRQHandler
                0x08000244                DMA2_Stream3_IRQHandler
                0x08000244                USART6_IRQHandler
                0x08000244                DMA2_Stream0_IRQHandler
                0x08000244                TIM4_IRQHandler
                0x08000244                I2C1_EV_IRQHandler
                0x08000244                DMA1_Stream6_IRQHandler
                0x08000244                DMA1_Stream1_IRQHandler
                0x08000244                TIM3_IRQHandler
                0x08000244                RCC_IRQHandler
                0x08000244                Default_Handler
                0x08000244                EXTI15_10_IRQHandler
                0x08000244                ADC_IRQHandler
                0x08000244                DMA1_Stream7_IRQHandler
                0x08000244                SPI5_IRQHandler
                0x08000244                TIM5_IRQHandler
                0x08000244                DMA2_Stream7_IRQHandler
                0x08000244                I2C3_EV_IRQHandler
                0x08000244                EXTI9_5_IRQHandler
                0x08000244                RTC_WKUP_IRQHandler
                0x08000244                SPI2_IRQHandler
                0x08000244                MemManage_Handler
                0x08000244                DMA1_Stream0_IRQHandler
                0x08000244                SVC_Handler
                0x08000244                EXTI4_IRQHandler
                0x08000244                WWDG_IRQHandler
                0x08000244                TIM2_IRQHandler
                0x08000244                OTG_FS_WKUP_IRQHandler
                0x08000244                TIM1_TRG_COM_TIM11_IRQHandler
                0x08000244                EXTI1_IRQHandler
                0x08000244                USART2_IRQHandler
                0x08000244                I2C2_ER_IRQHandler
                0x08000244                DMA2_Stream1_IRQHandler
                0x08000244                FLASH_IRQHandler
                0x08000244                DMA2_Stream4_IRQHandler
                0x08000244                BusFault_Handler
                0x08000244                USART1_IRQHandler
                0x08000244                OTG_FS_IRQHandler
                0x08000244                SPI3_IRQHandler
                0x08000244                DMA1_Stream4_IRQHandler
                0x08000244                I2C1_ER_IRQHandler
                0x08000244                DMA2_Stream6_IRQHandler
                0x08000244                DMA1_Stream3_IRQHandler
 *fill*         0x08000246        0x2 
 .text.main     0x08000248        0x8 src/main.o
                0x08000248                main
 .text.SysTick_Handler
                0x08000250       0x10 src/stm32f4xx_it.o
                0x08000250                SysTick_Handler
 .text.SystemInit
                0x08000260       0x6c src/system_stm32f4xx.o
                0x08000260                SystemInit
 .text.HAL_IncTick
                0x080002cc       0x1c HAL_Driver/Src/stm32f4xx_hal.o
                0x080002cc                HAL_IncTick
 .text.HAL_SYSTICK_IRQHandler
                0x080002e8        0xc HAL_Driver/Src/stm32f4xx_hal_cortex.o
                0x080002e8                HAL_SYSTICK_IRQHandler
 .text.HAL_SYSTICK_Callback
                0x080002f4        0xc HAL_Driver/Src/stm32f4xx_hal_cortex.o
                0x080002f4                HAL_SYSTICK_Callback
 .text.__libc_init_array
                0x08000300       0x50 c:/program files_develop/ac6/systemworkbench/plugins/fr.ac6.mcu.externaltools.arm-none.win32_1.2.0.201505291716/tools/compiler/bin/../lib/gcc/arm-none-eabi/4.9.3/../../../../arm-none-eabi/lib/armv7e-m/fpu\libc.a(lib_a-init.o)
                0x08000300                __libc_init_array
 .text.startup.register_fini
                0x08000350       0x14 c:/program files_develop/ac6/systemworkbench/plugins/fr.ac6.mcu.externaltools.arm-none.win32_1.2.0.201505291716/tools/compiler/bin/../lib/gcc/arm-none-eabi/4.9.3/../../../../arm-none-eabi/lib/armv7e-m/fpu\libc.a(lib_a-__call_atexit.o)
 .text.atexit   0x08000364        0xc c:/program files_develop/ac6/systemworkbench/plugins/fr.ac6.mcu.externaltools.arm-none.win32_1.2.0.201505291716/tools/compiler/bin/../lib/gcc/arm-none-eabi/4.9.3/../../../../arm-none-eabi/lib/armv7e-m/fpu\libc.a(lib_a-atexit.o)
                0x08000364                atexit
 .text.__libc_fini_array
                0x08000370       0x2c c:/program files_develop/ac6/systemworkbench/plugins/fr.ac6.mcu.externaltools.arm-none.win32_1.2.0.201505291716/tools/compiler/bin/../lib/gcc/arm-none-eabi/4.9.3/../../../../arm-none-eabi/lib/armv7e-m/fpu\libc.a(lib_a-fini.o)
                0x08000370                __libc_fini_array
 .text.__register_exitproc
                0x0800039c       0xa4 c:/program files_develop/ac6/systemworkbench/plugins/fr.ac6.mcu.externaltools.arm-none.win32_1.2.0.201505291716/tools/compiler/bin/../lib/gcc/arm-none-eabi/4.9.3/../../../../arm-none-eabi/lib/armv7e-m/fpu\libc.a(lib_a-__atexit.o)
                0x0800039c                __register_exitproc
 *(.glue_7)
 .glue_7        0x00000000        0x0 linker stubs
 *(.glue_7t)
 .glue_7t       0x00000000        0x0 linker stubs
 *(.eh_frame)
 .eh_frame      0x08000440        0x0 c:/program files_develop/ac6/systemworkbench/plugins/fr.ac6.mcu.externaltools.arm-none.win32_1.2.0.201505291716/tools/compiler/bin/../lib/gcc/arm-none-eabi/4.9.3/armv7e-m/fpu/crtbegin.o
 *(.init)
 .init          0x08000440        0x4 c:/program files_develop/ac6/systemworkbench/plugins/fr.ac6.mcu.externaltools.arm-none.win32_1.2.0.201505291716/tools/compiler/bin/../lib/gcc/arm-none-eabi/4.9.3/armv7e-m/fpu/crti.o
                0x08000440                _init
 .init          0x08000444        0x8 c:/program files_develop/ac6/systemworkbench/plugins/fr.ac6.mcu.externaltools.arm-none.win32_1.2.0.201505291716/tools/compiler/bin/../lib/gcc/arm-none-eabi/4.9.3/armv7e-m/fpu/crtn.o
 *(.fini)
 .fini          0x0800044c        0x4 c:/program files_develop/ac6/systemworkbench/plugins/fr.ac6.mcu.externaltools.arm-none.win32_1.2.0.201505291716/tools/compiler/bin/../lib/gcc/arm-none-eabi/4.9.3/armv7e-m/fpu/crti.o
                0x0800044c                _fini
 .fini          0x08000450        0x8 c:/program files_develop/ac6/systemworkbench/plugins/fr.ac6.mcu.externaltools.arm-none.win32_1.2.0.201505291716/tools/compiler/bin/../lib/gcc/arm-none-eabi/4.9.3/armv7e-m/fpu/crtn.o
                0x08000458                . = ALIGN (0x4)
                0x08000458                _etext = .

.vfp11_veneer   0x08000458        0x0
 .vfp11_veneer  0x00000000        0x0 linker stubs

.v4_bx          0x08000458        0x0
 .v4_bx         0x00000000        0x0 linker stubs

.iplt           0x08000458        0x0
 .iplt          0x00000000        0x0 c:/program files_develop/ac6/systemworkbench/plugins/fr.ac6.mcu.externaltools.arm-none.win32_1.2.0.201505291716/tools/compiler/bin/../lib/gcc/arm-none-eabi/4.9.3/armv7e-m/fpu/crtbegin.o

.rodata         0x08000458        0x8
                0x08000458                . = ALIGN (0x4)
 *(.rodata)
 *(.rodata*)
 .rodata.str1.4
                0x08000458        0x4 c:/program files_develop/ac6/systemworkbench/plugins/fr.ac6.mcu.externaltools.arm-none.win32_1.2.0.201505291716/tools/compiler/bin/../lib/gcc/arm-none-eabi/4.9.3/../../../../arm-none-eabi/lib/armv7e-m/fpu\libc.a(lib_a-impure.o)
 .rodata._global_impure_ptr
                0x0800045c        0x4 c:/program files_develop/ac6/systemworkbench/plugins/fr.ac6.mcu.externaltools.arm-none.win32_1.2.0.201505291716/tools/compiler/bin/../lib/gcc/arm-none-eabi/4.9.3/../../../../arm-none-eabi/lib/armv7e-m/fpu\libc.a(lib_a-impure.o)
                0x0800045c                _global_impure_ptr
                0x08000460                . = ALIGN (0x4)

.rel.dyn        0x08000460        0x0
 .rel.iplt      0x00000000        0x0 c:/program files_develop/ac6/systemworkbench/plugins/fr.ac6.mcu.externaltools.arm-none.win32_1.2.0.201505291716/tools/compiler/bin/../lib/gcc/arm-none-eabi/4.9.3/armv7e-m/fpu/crtbegin.o

.ARM.extab
 *(.ARM.extab* .gnu.linkonce.armextab.*)

.ARM            0x08000460        0x0
                0x08000460                __exidx_start = .
 *(.ARM.exidx*)
                0x08000460                __exidx_end = .

.preinit_array  0x08000460        0x0
                0x08000460                PROVIDE (__preinit_array_start, .)
 *(.preinit_array*)
                0x08000460                PROVIDE (__preinit_array_end, .)

.init_array     0x08000460        0x8
                0x08000460                PROVIDE (__init_array_start, .)
 *(SORT(.init_array.*))
 .init_array.00000
                0x08000460        0x4 c:/program files_develop/ac6/systemworkbench/plugins/fr.ac6.mcu.externaltools.arm-none.win32_1.2.0.201505291716/tools/compiler/bin/../lib/gcc/arm-none-eabi/4.9.3/../../../../arm-none-eabi/lib/armv7e-m/fpu\libc.a(lib_a-__call_atexit.o)
 *(.init_array*)
 .init_array    0x08000464        0x4 c:/program files_develop/ac6/systemworkbench/plugins/fr.ac6.mcu.externaltools.arm-none.win32_1.2.0.201505291716/tools/compiler/bin/../lib/gcc/arm-none-eabi/4.9.3/armv7e-m/fpu/crtbegin.o
                0x08000468                PROVIDE (__init_array_end, .)

.fini_array     0x08000468        0x4
                0x08000468                PROVIDE (__fini_array_start, .)
 *(SORT(.fini_array.*))
 *(.fini_array*)
 .fini_array    0x08000468        0x4 c:/program files_develop/ac6/systemworkbench/plugins/fr.ac6.mcu.externaltools.arm-none.win32_1.2.0.201505291716/tools/compiler/bin/../lib/gcc/arm-none-eabi/4.9.3/armv7e-m/fpu/crtbegin.o
                0x0800046c                PROVIDE (__fini_array_end, .)
                0x0800046c                _sidata = LOADADDR (.data)

.data           0x20000000      0x428 load address 0x0800046c
                0x20000000                . = ALIGN (0x4)
                0x20000000                _sdata = .
 *(.data)
 *(.data*)
 .data.impure_data
                0x20000000      0x428 c:/program files_develop/ac6/systemworkbench/plugins/fr.ac6.mcu.externaltools.arm-none.win32_1.2.0.201505291716/tools/compiler/bin/../lib/gcc/arm-none-eabi/4.9.3/../../../../arm-none-eabi/lib/armv7e-m/fpu\libc.a(lib_a-impure.o)
                0x20000428                . = ALIGN (0x4)
                0x20000428                _edata = .

.jcr            0x20000428        0x0 load address 0x08000894
 .jcr           0x20000428        0x0 c:/program files_develop/ac6/systemworkbench/plugins/fr.ac6.mcu.externaltools.arm-none.win32_1.2.0.201505291716/tools/compiler/bin/../lib/gcc/arm-none-eabi/4.9.3/armv7e-m/fpu/crtbegin.o

.igot.plt       0x20000428        0x0 load address 0x08000894
 .igot.plt      0x00000000        0x0 c:/program files_develop/ac6/systemworkbench/plugins/fr.ac6.mcu.externaltools.arm-none.win32_1.2.0.201505291716/tools/compiler/bin/../lib/gcc/arm-none-eabi/4.9.3/armv7e-m/fpu/crtbegin.o
                0x20000428                . = ALIGN (0x4)

.bss            0x20000428       0x20 load address 0x08000894
                0x20000428                _sbss = .
                0x20000428                __bss_start__ = _sbss
 *(.bss)
 .bss           0x20000428       0x1c c:/program files_develop/ac6/systemworkbench/plugins/fr.ac6.mcu.externaltools.arm-none.win32_1.2.0.201505291716/tools/compiler/bin/../lib/gcc/arm-none-eabi/4.9.3/armv7e-m/fpu/crtbegin.o
 .bss           0x20000444        0x4 HAL_Driver/Src/stm32f4xx_hal.o
 *(.bss*)
 *(COMMON)
                0x20000448                . = ALIGN (0x4)
                0x20000448                _ebss = .
                0x20000448                __bss_end__ = _ebss

._user_heap_stack
                0x20000448      0x600 load address 0x08000894
                0x20000448                . = ALIGN (0x4)
                0x20000448                PROVIDE (end, .)
                0x20000448                PROVIDE (_end, .)
                0x20000648                . = (. + _Min_Heap_Size)
 *fill*         0x20000448      0x200 
                0x20000a48                . = (. + _Min_Stack_Size)
 *fill*         0x20000648      0x400 
                0x20000a48                . = ALIGN (0x4)

/DISCARD/
 libc.a(*)
 libm.a(*)
 libgcc.a(*)

.ARM.attributes
                0x00000000       0x30
 *(.ARM.attributes)
 .ARM.attributes
                0x00000000       0x22 c:/program files_develop/ac6/systemworkbench/plugins/fr.ac6.mcu.externaltools.arm-none.win32_1.2.0.201505291716/tools/compiler/bin/../lib/gcc/arm-none-eabi/4.9.3/armv7e-m/fpu/crti.o
 .ARM.attributes
                0x00000022       0x34 c:/program files_develop/ac6/systemworkbench/plugins/fr.ac6.mcu.externaltools.arm-none.win32_1.2.0.201505291716/tools/compiler/bin/../lib/gcc/arm-none-eabi/4.9.3/armv7e-m/fpu/crtbegin.o
 .ARM.attributes
                0x00000056       0x21 startup/startup_stm32f411xe.o
 .ARM.attributes
                0x00000077       0x39 src/main.o
 .ARM.attributes
                0x000000b0       0x39 src/stm32f4xx_it.o
 .ARM.attributes
                0x000000e9       0x39 src/system_stm32f4xx.o
 .ARM.attributes
                0x00000122       0x39 HAL_Driver/Src/stm32f4xx_hal.o
 .ARM.attributes
                0x0000015b       0x39 HAL_Driver/Src/stm32f4xx_hal_cortex.o
 .ARM.attributes
                0x00000194       0x34 c:/program files_develop/ac6/systemworkbench/plugins/fr.ac6.mcu.externaltools.arm-none.win32_1.2.0.201505291716/tools/compiler/bin/../lib/gcc/arm-none-eabi/4.9.3/../../../../arm-none-eabi/lib/armv7e-m/fpu\libc.a(lib_a-impure.o)
 .ARM.attributes
                0x000001c8       0x34 c:/program files_develop/ac6/systemworkbench/plugins/fr.ac6.mcu.externaltools.arm-none.win32_1.2.0.201505291716/tools/compiler/bin/../lib/gcc/arm-none-eabi/4.9.3/../../../../arm-none-eabi/lib/armv7e-m/fpu\libc.a(lib_a-init.o)
 .ARM.attributes
                0x000001fc       0x34 c:/program files_develop/ac6/systemworkbench/plugins/fr.ac6.mcu.externaltools.arm-none.win32_1.2.0.201505291716/tools/compiler/bin/../lib/gcc/arm-none-eabi/4.9.3/../../../../arm-none-eabi/lib/armv7e-m/fpu\libc.a(lib_a-__call_atexit.o)
 .ARM.attributes
                0x00000230       0x34 c:/program files_develop/ac6/systemworkbench/plugins/fr.ac6.mcu.externaltools.arm-none.win32_1.2.0.201505291716/tools/compiler/bin/../lib/gcc/arm-none-eabi/4.9.3/../../../../arm-none-eabi/lib/armv7e-m/fpu\libc.a(lib_a-atexit.o)
 .ARM.attributes
                0x00000264       0x34 c:/program files_develop/ac6/systemworkbench/plugins/fr.ac6.mcu.externaltools.arm-none.win32_1.2.0.201505291716/tools/compiler/bin/../lib/gcc/arm-none-eabi/4.9.3/../../../../arm-none-eabi/lib/armv7e-m/fpu\libc.a(lib_a-fini.o)
 .ARM.attributes
                0x00000298       0x34 c:/program files_develop/ac6/systemworkbench/plugins/fr.ac6.mcu.externaltools.arm-none.win32_1.2.0.201505291716/tools/compiler/bin/../lib/gcc/arm-none-eabi/4.9.3/../../../../arm-none-eabi/lib/armv7e-m/fpu\libc.a(lib_a-__atexit.o)
 .ARM.attributes
                0x000002cc       0x22 c:/program files_develop/ac6/systemworkbench/plugins/fr.ac6.mcu.externaltools.arm-none.win32_1.2.0.201505291716/tools/compiler/bin/../lib/gcc/arm-none-eabi/4.9.3/armv7e-m/fpu/crtn.o
OUTPUT(test.elf elf32-littlearm)

.debug_line     0x00000000     0x39a9
 .debug_line    0x00000000       0x7f startup/startup_stm32f411xe.o
 .debug_line    0x0000007f      0xac7 src/main.o
 .debug_line    0x00000b46      0xab2 src/stm32f4xx_it.o
 .debug_line    0x000015f8      0xa8a src/system_stm32f4xx.o
 .debug_line    0x00002082      0xc09 HAL_Driver/Src/stm32f4xx_hal.o
 .debug_line    0x00002c8b      0xd1e HAL_Driver/Src/stm32f4xx_hal_cortex.o

.debug_info     0x00000000     0x19c9
 .debug_info    0x00000000       0x8e startup/startup_stm32f411xe.o
 .debug_info    0x0000008e       0xba src/main.o
 .debug_info    0x00000148       0xb6 src/stm32f4xx_it.o
 .debug_info    0x000001fe      0x4a9 src/system_stm32f4xx.o
 .debug_info    0x000006a7      0x848 HAL_Driver/Src/stm32f4xx_hal.o
 .debug_info    0x00000eef      0xada HAL_Driver/Src/stm32f4xx_hal_cortex.o

.debug_abbrev   0x00000000      0x6b5
 .debug_abbrev  0x00000000       0x12 startup/startup_stm32f411xe.o
 .debug_abbrev  0x00000012       0x6c src/main.o
 .debug_abbrev  0x0000007e       0x6a src/stm32f4xx_it.o
 .debug_abbrev  0x000000e8      0x104 src/system_stm32f4xx.o
 .debug_abbrev  0x000001ec      0x22d HAL_Driver/Src/stm32f4xx_hal.o
 .debug_abbrev  0x00000419      0x29c HAL_Driver/Src/stm32f4xx_hal_cortex.o

.debug_aranges  0x00000000      0x250
 .debug_aranges
                0x00000000       0x28 startup/startup_stm32f411xe.o
 .debug_aranges
                0x00000028       0x20 src/main.o
 .debug_aranges
                0x00000048       0x20 src/stm32f4xx_it.o
 .debug_aranges
                0x00000068       0x28 src/system_stm32f4xx.o
 .debug_aranges
                0x00000090       0xc0 HAL_Driver/Src/stm32f4xx_hal.o
 .debug_aranges
                0x00000150      0x100 HAL_Driver/Src/stm32f4xx_hal_cortex.o

.debug_ranges   0x00000000      0x1f8
 .debug_ranges  0x00000000       0x20 startup/startup_stm32f411xe.o
 .debug_ranges  0x00000020       0x10 src/main.o
 .debug_ranges  0x00000030       0x10 src/stm32f4xx_it.o
 .debug_ranges  0x00000040       0x18 src/system_stm32f4xx.o
 .debug_ranges  0x00000058       0xb0 HAL_Driver/Src/stm32f4xx_hal.o
 .debug_ranges  0x00000108       0xf0 HAL_Driver/Src/stm32f4xx_hal_cortex.o

.debug_macro    0x00000000     0xff3e
 .debug_macro   0x00000000      0x3ed src/main.o
 .debug_macro   0x000003ed      0x892 src/main.o
 .debug_macro   0x00000c7f       0x28 src/main.o
 .debug_macro   0x00000ca7       0x28 src/main.o
 .debug_macro   0x00000ccf       0x3b src/main.o
 .debug_macro   0x00000d0a       0x22 src/main.o
 .debug_macro   0x00000d2c       0x44 src/main.o
 .debug_macro   0x00000d70       0x1c src/main.o
 .debug_macro   0x00000d8c      0x1f7 src/main.o
 .debug_macro   0x00000f83       0x2d src/main.o
 .debug_macro   0x00000fb0       0x26 src/main.o
 .debug_macro   0x00000fd6      0xd39 src/main.o
 .debug_macro   0x00001d0f     0x50a0 src/main.o
 .debug_macro   0x00006daf       0x43 src/main.o
 .debug_macro   0x00006df2      0x244 src/main.o
 .debug_macro   0x00007036     0x296e src/main.o
 .debug_macro   0x000099a4       0x58 src/main.o
 .debug_macro   0x000099fc       0x35 src/main.o
 .debug_macro   0x00009a31       0x9c src/main.o
 .debug_macro   0x00009acd       0x16 src/main.o
 .debug_macro   0x00009ae3       0x97 src/main.o
 .debug_macro   0x00009b7a      0x29d src/main.o
 .debug_macro   0x00009e17       0xef src/main.o
 .debug_macro   0x00009f06       0x10 src/main.o
 .debug_macro   0x00009f16       0x52 src/main.o
 .debug_macro   0x00009f68       0x16 src/main.o
 .debug_macro   0x00009f7e       0x43 src/main.o
 .debug_macro   0x00009fc1      0x180 src/main.o
 .debug_macro   0x0000a141       0x10 src/main.o
 .debug_macro   0x0000a151       0x22 src/main.o
 .debug_macro   0x0000a173       0xbd src/main.o
 .debug_macro   0x0000a230       0x16 src/main.o
 .debug_macro   0x0000a246      0x196 src/main.o
 .debug_macro   0x0000a3dc       0x57 src/main.o
 .debug_macro   0x0000a433       0xb2 src/main.o
 .debug_macro   0x0000a4e5      0xbb0 src/main.o
 .debug_macro   0x0000b095      0x11e src/main.o
 .debug_macro   0x0000b1b3      0x11b src/main.o
 .debug_macro   0x0000b2ce       0x27 src/main.o
 .debug_macro   0x0000b2f5      0x272 src/main.o
 .debug_macro   0x0000b567       0x5f src/main.o
 .debug_macro   0x0000b5c6       0x5d src/main.o
 .debug_macro   0x0000b623      0x31a src/main.o
 .debug_macro   0x0000b93d      0x15b src/main.o
 .debug_macro   0x0000ba98       0xd6 src/main.o
 .debug_macro   0x0000bb6e       0x23 src/main.o
 .debug_macro   0x0000bb91      0x133 src/main.o
 .debug_macro   0x0000bcc4      0x25d src/main.o
 .debug_macro   0x0000bf21       0x2e src/main.o
 .debug_macro   0x0000bf4f      0x17d src/main.o
 .debug_macro   0x0000c0cc       0x22 src/main.o
 .debug_macro   0x0000c0ee       0x9e src/main.o
 .debug_macro   0x0000c18c      0x1a7 src/main.o
 .debug_macro   0x0000c333       0x43 src/main.o
 .debug_macro   0x0000c376       0x97 src/main.o
 .debug_macro   0x0000c40d      0x12c src/main.o
 .debug_macro   0x0000c539       0x77 src/main.o
 .debug_macro   0x0000c5b0       0x90 src/main.o
 .debug_macro   0x0000c640      0x31a src/main.o
 .debug_macro   0x0000c95a      0x409 src/main.o
 .debug_macro   0x0000cd63       0xe4 src/main.o
 .debug_macro   0x0000ce47      0x48d src/main.o
 .debug_macro   0x0000d2d4      0x22b src/main.o
 .debug_macro   0x0000d4ff      0x202 src/main.o
 .debug_macro   0x0000d701      0x6d9 src/main.o
 .debug_macro   0x0000ddda       0x59 src/main.o
 .debug_macro   0x0000de33      0x14d src/main.o
 .debug_macro   0x0000df80      0x287 src/main.o
 .debug_macro   0x0000e207      0x225 src/main.o
 .debug_macro   0x0000e42c      0x1b5 src/main.o
 .debug_macro   0x0000e5e1      0x2db src/main.o
 .debug_macro   0x0000e8bc       0x94 src/main.o
 .debug_macro   0x0000e950      0x1df src/main.o
 .debug_macro   0x0000eb2f      0x10b src/main.o
 .debug_macro   0x0000ec3a       0x75 src/main.o
 .debug_macro   0x0000ecaf      0x11e src/main.o
 .debug_macro   0x0000edcd      0x183 src/main.o
 .debug_macro   0x0000ef50      0x3ee src/stm32f4xx_it.o
 .debug_macro   0x0000f33e      0x3ea src/system_stm32f4xx.o
 .debug_macro   0x0000f728      0x432 HAL_Driver/Src/stm32f4xx_hal.o
 .debug_macro   0x0000fb5a      0x3e4 HAL_Driver/Src/stm32f4xx_hal_cortex.o

.debug_str      0x00000000    0x6d8f8
 .debug_str     0x00000000    0x6cc08 src/main.o
                              0x6ce8b (size before relaxing)
 .debug_str     0x0006cc08       0x38 src/stm32f4xx_it.o
                              0x6c518 (size before relaxing)
 .debug_str     0x0006cc40      0x1e9 src/system_stm32f4xx.o
                              0x6c6df (size before relaxing)
 .debug_str     0x0006ce29      0x83d HAL_Driver/Src/stm32f4xx_hal.o
                              0x6cf2c (size before relaxing)
 .debug_str     0x0006d666      0x292 HAL_Driver/Src/stm32f4xx_hal_cortex.o
                              0x6ccc9 (size before relaxing)

.comment        0x00000000       0x70
 .comment       0x00000000       0x70 src/main.o
                                 0x71 (size before relaxing)
 .comment       0x00000000       0x71 src/stm32f4xx_it.o
 .comment       0x00000000       0x71 src/system_stm32f4xx.o
 .comment       0x00000000       0x71 HAL_Driver/Src/stm32f4xx_hal.o
 .comment       0x00000000       0x71 HAL_Driver/Src/stm32f4xx_hal_cortex.o

.debug_frame    0x00000000      0x898
 .debug_frame   0x00000000       0x28 src/main.o
 .debug_frame   0x00000028       0x2c src/stm32f4xx_it.o
 .debug_frame   0x00000054       0x58 src/system_stm32f4xx.o
 .debug_frame   0x000000ac      0x2c0 HAL_Driver/Src/stm32f4xx_hal.o
 .debug_frame   0x0000036c      0x428 HAL_Driver/Src/stm32f4xx_hal_cortex.o
 .debug_frame   0x00000794       0x2c c:/program files_develop/ac6/systemworkbench/plugins/fr.ac6.mcu.externaltools.arm-none.win32_1.2.0.201505291716/tools/compiler/bin/../lib/gcc/arm-none-eabi/4.9.3/../../../../arm-none-eabi/lib/armv7e-m/fpu\libc.a(lib_a-init.o)
 .debug_frame   0x000007c0       0x50 c:/program files_develop/ac6/systemworkbench/plugins/fr.ac6.mcu.externaltools.arm-none.win32_1.2.0.201505291716/tools/compiler/bin/../lib/gcc/arm-none-eabi/4.9.3/../../../../arm-none-eabi/lib/armv7e-m/fpu\libc.a(lib_a-__call_atexit.o)
 .debug_frame   0x00000810       0x20 c:/program files_develop/ac6/systemworkbench/plugins/fr.ac6.mcu.externaltools.arm-none.win32_1.2.0.201505291716/tools/compiler/bin/../lib/gcc/arm-none-eabi/4.9.3/../../../../arm-none-eabi/lib/armv7e-m/fpu\libc.a(lib_a-atexit.o)
 .debug_frame   0x00000830       0x34 c:/program files_develop/ac6/systemworkbench/plugins/fr.ac6.mcu.externaltools.arm-none.win32_1.2.0.201505291716/tools/compiler/bin/../lib/gcc/arm-none-eabi/4.9.3/../../../../arm-none-eabi/lib/armv7e-m/fpu\libc.a(lib_a-fini.o)
 .debug_frame   0x00000864       0x34 c:/program files_develop/ac6/systemworkbench/plugins/fr.ac6.mcu.externaltools.arm-none.win32_1.2.0.201505291716/tools/compiler/bin/../lib/gcc/arm-none-eabi/4.9.3/../../../../arm-none-eabi/lib/armv7e-m/fpu\libc.a(lib_a-__atexit.o)
